time-err accessing 'timeout' (source:'test.source')