Failed to compile regular expression with 'regexp-err' accessing 'regex'