parsing dynamic configs is disabled accessing config (source:'test.source')