parsing dynamic configs is disabled accessing 'nested'