parsing dynamic configs is disabled accessing 'nested' (source:'test.source')